[INFO] Scanning for projects...
[INFO] 
[INFO] ------------------< com.example:low-carbon-dormitory >------------------
[INFO] Building low-carbon-dormitory 0.0.1-SNAPSHOT
[INFO]   from pom.xml
[INFO] --------------------------------[ jar ]---------------------------------
[INFO] 
[INFO] --- clean:3.4.1:clean (default-clean) @ low-carbon-dormitory ---
[INFO] Deleting D:\study\system\low-carbon-dormitory\low-carbon-dormitory-spring\target
[INFO] 
[INFO] --- resources:3.3.1:resources (default-resources) @ low-carbon-dormitory ---
[INFO] Copying 1 resource from src\main\resources to target\classes
[INFO] Copying 0 resource from src\main\resources to target\classes
[INFO] 
[INFO] --- compiler:3.13.0:compile (default-compile) @ low-carbon-dormitory ---
[INFO] Recompiling the module because of changed source code.
[INFO] Compiling 82 source files with javac [debug parameters release 17] to target\classes
[INFO] /D:/study/system/low-carbon-dormitory/low-carbon-dormitory-spring/src/main/java/com/example/lowcarbondormitory/service/student/StudentDormService.java: 某些输入文件使用或覆盖了已过时的 API。
[INFO] /D:/study/system/low-carbon-dormitory/low-carbon-dormitory-spring/src/main/java/com/example/lowcarbondormitory/service/student/StudentDormService.java: 有关详细信息, 请使用 -Xlint:deprecation 重新编译。
[INFO] 
[INFO] --- resources:3.3.1:testResources (default-testResources) @ low-carbon-dormitory ---
[INFO] skip non existing resourceDirectory D:\study\system\low-carbon-dormitory\low-carbon-dormitory-spring\src\test\resources
[INFO] 
[INFO] --- compiler:3.13.0:testCompile (default-testCompile) @ low-carbon-dormitory ---
[INFO] Recompiling the module because of changed dependency.
[INFO] Compiling 8 source files with javac [debug parameters release 17] to target\test-classes
[INFO] 
[INFO] --- surefire:3.5.2:test (default-test) @ low-carbon-dormitory ---
[INFO] Tests are skipped.
[INFO] 
[INFO] --- jar:3.4.2:jar (default-jar) @ low-carbon-dormitory ---
[INFO] Building jar: D:\study\system\low-carbon-dormitory\low-carbon-dormitory-spring\target\low-carbon-dormitory-0.0.1-SNAPSHOT.jar
[INFO] 
[INFO] --- spring-boot:3.4.4:repackage (repackage) @ low-carbon-dormitory ---
[INFO] Replacing main artifact D:\study\system\low-carbon-dormitory\low-carbon-dormitory-spring\target\low-carbon-dormitory-0.0.1-SNAPSHOT.jar with repackaged archive, adding nested dependencies in BOOT-INF/.
[INFO] The original artifact has been renamed to D:\study\system\low-carbon-dormitory\low-carbon-dormitory-spring\target\low-carbon-dormitory-0.0.1-SNAPSHOT.jar.original
[INFO] ------------------------------------------------------------------------
[INFO] BUILD SUCCESS
[INFO] ------------------------------------------------------------------------
[INFO] Total time:  18.116 s
[INFO] Finished at: 2026-05-14T09:47:50+08:00
[INFO] ------------------------------------------------------------------------
