[2m17:01:21[22m [31m[1m[vite][22m[39m [31m[2m(client)[22m[39m [2m[console.error] [22m[vite] Failed to reload /src/router/manager-router/student/student-manage.vue. This could be due to syntax errors or importing non-existent modules. (see errors above)
[2m19:41:17[22m [31m[1m[vite][22m[39m [31mInternal server error: Attribute name cannot contain U+0022 ("), U+0027 ('), and U+003C (<).[39m
  Plugin: [35mvite:vue[39m
  File: [36mD:/study/system/low-carbon-dormitory/low-carbon-dormitory-vue/src/router/student-router/reward/reward-exchange-antd.vue[39m:110:49
[33m  108 |                <AEmpty v-if="!displayRewards.length" class="empty-block" description="娌℃湁鍖归厤鍒板彲灞曠ず鐨勫鍔? />
  109 |  
  110 |                <div v-else class="list-pagination">
      |                                                   ^
  111 |                  <div class="pagination-text">
  112 |                    <strong>绗?{{ rewardPage }} / {{ rewardTotalPages }} 椤?/strong>[39m
      at createCompilerError (D:\study\system\low-carbon-dormitory\low-carbon-dormitory-vue\node_modules\@vue\compiler-core\dist\compiler-core.cjs.js:1378:17)
      at Object.emitError [as onerr] (D:\study\system\low-carbon-dormitory\low-carbon-dormitory-vue\node_modules\@vue\compiler-core\dist\compiler-core.cjs.js:3014:5)
      at Tokenizer.stateInAttrName (D:\study\system\low-carbon-dormitory\low-carbon-dormitory-vue\node_modules\@vue\compiler-core\dist\compiler-core.cjs.js:868:16)
      at Tokenizer.parse (D:\study\system\low-carbon-dormitory\low-carbon-dormitory-vue\node_modules\@vue\compiler-core\dist\compiler-core.cjs.js:1117:16)
      at Object.baseParse (D:\study\system\low-carbon-dormitory\low-carbon-dormitory-vue\node_modules\@vue\compiler-core\dist\compiler-core.cjs.js:3053:13)
      at Object.parse (D:\study\system\low-carbon-dormitory\low-carbon-dormitory-vue\node_modules\@vue\compiler-dom\dist\compiler-dom.cjs.js:910:23)
      at Object.parse$1 [as parse] (D:\study\system\low-carbon-dormitory\low-carbon-dormitory-vue\node_modules\@vue\compiler-sfc\dist\compiler-sfc.cjs.js:1824:24)
      at createDescriptor (file:///D:/study/system/low-carbon-dormitory/low-carbon-dormitory-vue/node_modules/@vitejs/plugin-vue/dist/index.mjs:50:42)
      at handleHotUpdate (file:///D:/study/system/low-carbon-dormitory/low-carbon-dormitory-vue/node_modules/@vitejs/plugin-vue/dist/index.mjs:1148:25)
      at async handleHMRUpdate (file:///D:/study/system/low-carbon-dormitory/low-carbon-dormitory-vue/node_modules/vite/dist/node/chunks/node.js:26666:28)
[2m19:41:17[22m [31m[1m[vite][22m[39m [31m[2m(client)[22m[39m [2m[console.error] [22m[vite] Failed to reload /src/router/student-router/reward/reward-exchange-antd.vue. This could be due to syntax errors or importing non-existent modules. (see errors above)
[2m19:41:29[22m [31m[1m[vite][22m[39m [31mInternal server error: Attribute name cannot contain U+0022 ("), U+0027 ('), and U+003C (<).[39m
  Plugin: [35mvite:vue[39m
  File: [36mD:/study/system/low-carbon-dormitory/low-carbon-dormitory-vue/src/router/student-router/reward/reward-exchange-antd.vue[39m:103:49
[33m  101 |                <AEmpty v-if="!displayRewards.length" class="empty-block" description="娌℃湁鍖归厤鍒板彲灞曠ず鐨勫鍔? />
  102 |  
  103 |                <div v-else class="list-pagination">
      |                                                   ^
  104 |                  <div class="pagination-text">
  105 |                    <strong>绗?{{ rewardPage }} / {{ rewardTotalPages }} 椤?/strong>[39m
      at createCompilerError (D:\study\system\low-carbon-dormitory\low-carbon-dormitory-vue\node_modules\@vue\compiler-core\dist\compiler-core.cjs.js:1378:17)
      at Object.emitError [as onerr] (D:\study\system\low-carbon-dormitory\low-carbon-dormitory-vue\node_modules\@vue\compiler-core\dist\compiler-core.cjs.js:3014:5)
      at Tokenizer.stateInAttrName (D:\study\system\low-carbon-dormitory\low-carbon-dormitory-vue\node_modules\@vue\compiler-core\dist\compiler-core.cjs.js:868:16)
      at Tokenizer.parse (D:\study\system\low-carbon-dormitory\low-carbon-dormitory-vue\node_modules\@vue\compiler-core\dist\compiler-core.cjs.js:1117:16)
      at Object.baseParse (D:\study\system\low-carbon-dormitory\low-carbon-dormitory-vue\node_modules\@vue\compiler-core\dist\compiler-core.cjs.js:3053:13)
      at Object.parse (D:\study\system\low-carbon-dormitory\low-carbon-dormitory-vue\node_modules\@vue\compiler-dom\dist\compiler-dom.cjs.js:910:23)
      at Object.parse$1 [as parse] (D:\study\system\low-carbon-dormitory\low-carbon-dormitory-vue\node_modules\@vue\compiler-sfc\dist\compiler-sfc.cjs.js:1824:24)
      at createDescriptor (file:///D:/study/system/low-carbon-dormitory/low-carbon-dormitory-vue/node_modules/@vitejs/plugin-vue/dist/index.mjs:50:42)
      at handleHotUpdate (file:///D:/study/system/low-carbon-dormitory/low-carbon-dormitory-vue/node_modules/@vitejs/plugin-vue/dist/index.mjs:1148:25)
      at async handleHMRUpdate (file:///D:/study/system/low-carbon-dormitory/low-carbon-dormitory-vue/node_modules/vite/dist/node/chunks/node.js:26666:28)
[2m19:41:29[22m [31m[1m[vite][22m[39m [31m[2m(client)[22m[39m [2m[console.error] [22m[vite] Failed to reload /src/router/student-router/reward/reward-exchange-antd.vue. This could be due to syntax errors or importing non-existent modules. (see errors above)
